============================= test session starts =============================
platform win32 -- Python 3.12.10, pytest-9.0.2, pluggy-1.6.0 -- D:\Mini_Project\.venv\Scripts\python.exe
rootdir: D:\Mini_Project
plugins: anyio-4.12.1
collecting ... collected 16 items

tests/ml/test_observer.py::TestTrainingProducesArtifacts::test_scaler_file_exists ERROR [  6%]
tests/ml/test_observer.py::TestTrainingProducesArtifacts::test_kmeans_file_exists ERROR [ 12%]
tests/ml/test_observer.py::TestTrainingProducesArtifacts::test_metadata_file_exists ERROR [ 18%]
tests/ml/test_observer.py::TestMetadataSchema::test_required_keys_present ERROR [ 25%]
tests/ml/test_observer.py::TestMetadataSchema::test_accuracy_meets_project_target ERROR [ 31%]
tests/ml/test_observer.py::TestMetadataSchema::test_label_map_has_three_entries ERROR [ 37%]
tests/ml/test_observer.py::TestMetadataSchema::test_label_map_covers_all_states ERROR [ 43%]
tests/ml/test_observer.py::TestObserverInference::test_predict_returns_required_keys ERROR [ 50%]
tests/ml/test_observer.py::TestObserverInference::test_confidence_in_valid_range ERROR [ 56%]
tests/ml/test_observer.py::TestObserverInference::test_label_is_valid_int ERROR [ 62%]
tests/ml/test_observer.py::TestObserverInference::test_state_matches_label ERROR [ 68%]
tests/ml/test_observer.py::TestObserverInference::test_idle_snapshot_classified_as_idle ERROR [ 75%]
tests/ml/test_observer.py::TestObserverInference::test_active_user_snapshot_classified_correctly ERROR [ 81%]
tests/ml/test_observer.py::TestObserverInference::test_busy_hw_snapshot_classified_correctly ERROR [ 87%]
tests/ml/test_observer.py::TestObserverInference::test_missing_feature_raises_value_error ERROR [ 93%]
tests/ml/test_observer.py::TestObserverInference::test_metadata_property_returns_dict ERROR [100%]

=================================== ERRORS ====================================
___ ERROR at setup of TestTrainingProducesArtifacts.test_scaler_file_exists ___

tmp_path_factory = TempPathFactory(_given_basetemp=None, _trace=<pluggy._tracing.TagTracerSub object at 0x00000207979AE510>, _basetemp=None, _retention_count=3, _retention_policy='all')

    @pytest.fixture(scope="module")
    def trained_model_dir(tmp_path_factory: pytest.TempPathFactory) -> Path:
        """Run the training pipeline once into a temp directory and return its path.
    
        Using ``scope="module"`` ensures training runs only once for the whole
        test module, keeping the suite fast.
        """
>       from gridmind_server.app.ml.observer_trainer import TrainerConfig, run_training

tests\ml\test_observer.py:32: 
_ _ _ _ _ _ _ _ _ _ _ _ _ _ _ _ _ _ _ _ _ _ _ _ _ _ _ _ _ _ _ _ _ _ _ _ _ _ _ _

    """
    gridmind_server.app.ml.observer_trainer
    ========================================
    Offline training pipeline for the GridMind Observer AI.
    
    Algorithm
    ---------
    1. Load and validate `data/telemetry_dataset.csv`.
    2. Scale all 7 feature columns with StandardScaler.
    3. Run DBSCAN to identify and discard noise points.
    4. Fit K-Means (k=3) on the clean, scaled data.
    5. Auto-map cluster IDs \u2192 semantic labels by inspecting centroids:
           highest (kb + mouse)             \u2192 active_user  (1)
           highest (cpu + ram), low hid     \u2192 busy_hardware (2)
           remaining                        \u2192 idle          (0)
    6. Evaluate accuracy against ground-truth labels.
    7. Persist scaler, model, and a metadata JSON to models/observer/.
    
    Usage
    -----
        # From the project root (d:\\Mini_Project):
        python -m gridmind_server.app.ml.observer_trainer
    """
    
    from __future__ import annotations
    
    import json
    import logging
    import sys
    import time
    from dataclasses import dataclass, field
    from datetime import datetime, timezone
    from pathlib import Path
    from typing import Final
    
    import joblib
    import numpy as np
>   import pandas as pd
E   ModuleNotFoundError: No module named 'pandas'

gridmind_server\app\ml\observer_trainer.py:38: ModuleNotFoundError
___ ERROR at setup of TestTrainingProducesArtifacts.test_kmeans_file_exists ___

tmp_path_factory = TempPathFactory(_given_basetemp=None, _trace=<pluggy._tracing.TagTracerSub object at 0x00000207979AE510>, _basetemp=None, _retention_count=3, _retention_policy='all')

    @pytest.fixture(scope="module")
    def trained_model_dir(tmp_path_factory: pytest.TempPathFactory) -> Path:
        """Run the training pipeline once into a temp directory and return its path.
    
        Using ``scope="module"`` ensures training runs only once for the whole
        test module, keeping the suite fast.
        """
>       from gridmind_server.app.ml.observer_trainer import TrainerConfig, run_training

tests\ml\test_observer.py:32: 
_ _ _ _ _ _ _ _ _ _ _ _ _ _ _ _ _ _ _ _ _ _ _ _ _ _ _ _ _ _ _ _ _ _ _ _ _ _ _ _

    """
    gridmind_server.app.ml.observer_trainer
    ========================================
    Offline training pipeline for the GridMind Observer AI.
    
    Algorithm
    ---------
    1. Load and validate `data/telemetry_dataset.csv`.
    2. Scale all 7 feature columns with StandardScaler.
    3. Run DBSCAN to identify and discard noise points.
    4. Fit K-Means (k=3) on the clean, scaled data.
    5. Auto-map cluster IDs \u2192 semantic labels by inspecting centroids:
           highest (kb + mouse)             \u2192 active_user  (1)
           highest (cpu + ram), low hid     \u2192 busy_hardware (2)
           remaining                        \u2192 idle          (0)
    6. Evaluate accuracy against ground-truth labels.
    7. Persist scaler, model, and a metadata JSON to models/observer/.
    
    Usage
    -----
        # From the project root (d:\\Mini_Project):
        python -m gridmind_server.app.ml.observer_trainer
    """
    
    from __future__ import annotations
    
    import json
    import logging
    import sys
    import time
    from dataclasses import dataclass, field
    from datetime import datetime, timezone
    from pathlib import Path
    from typing import Final
    
    import joblib
    import numpy as np
>   import pandas as pd
E   ModuleNotFoundError: No module named 'pandas'

gridmind_server\app\ml\observer_trainer.py:38: ModuleNotFoundError
__ ERROR at setup of TestTrainingProducesArtifacts.test_metadata_file_exists __

tmp_path_factory = TempPathFactory(_given_basetemp=None, _trace=<pluggy._tracing.TagTracerSub object at 0x00000207979AE510>, _basetemp=None, _retention_count=3, _retention_policy='all')

    @pytest.fixture(scope="module")
    def trained_model_dir(tmp_path_factory: pytest.TempPathFactory) -> Path:
        """Run the training pipeline once into a temp directory and return its path.
    
        Using ``scope="module"`` ensures training runs only once for the whole
        test module, keeping the suite fast.
        """
>       from gridmind_server.app.ml.observer_trainer import TrainerConfig, run_training

tests\ml\test_observer.py:32: 
_ _ _ _ _ _ _ _ _ _ _ _ _ _ _ _ _ _ _ _ _ _ _ _ _ _ _ _ _ _ _ _ _ _ _ _ _ _ _ _

    """
    gridmind_server.app.ml.observer_trainer
    ========================================
    Offline training pipeline for the GridMind Observer AI.
    
    Algorithm
    ---------
    1. Load and validate `data/telemetry_dataset.csv`.
    2. Scale all 7 feature columns with StandardScaler.
    3. Run DBSCAN to identify and discard noise points.
    4. Fit K-Means (k=3) on the clean, scaled data.
    5. Auto-map cluster IDs \u2192 semantic labels by inspecting centroids:
           highest (kb + mouse)             \u2192 active_user  (1)
           highest (cpu + ram), low hid     \u2192 busy_hardware (2)
           remaining                        \u2192 idle          (0)
    6. Evaluate accuracy against ground-truth labels.
    7. Persist scaler, model, and a metadata JSON to models/observer/.
    
    Usage
    -----
        # From the project root (d:\\Mini_Project):
        python -m gridmind_server.app.ml.observer_trainer
    """
    
    from __future__ import annotations
    
    import json
    import logging
    import sys
    import time
    from dataclasses import dataclass, field
    from datetime import datetime, timezone
    from pathlib import Path
    from typing import Final
    
    import joblib
    import numpy as np
>   import pandas as pd
E   ModuleNotFoundError: No module named 'pandas'

gridmind_server\app\ml\observer_trainer.py:38: ModuleNotFoundError
_______ ERROR at setup of TestMetadataSchema.test_required_keys_present _______

tmp_path_factory = TempPathFactory(_given_basetemp=None, _trace=<pluggy._tracing.TagTracerSub object at 0x00000207979AE510>, _basetemp=None, _retention_count=3, _retention_policy='all')

    @pytest.fixture(scope="module")
    def trained_model_dir(tmp_path_factory: pytest.TempPathFactory) -> Path:
        """Run the training pipeline once into a temp directory and return its path.
    
        Using ``scope="module"`` ensures training runs only once for the whole
        test module, keeping the suite fast.
        """
>       from gridmind_server.app.ml.observer_trainer import TrainerConfig, run_training

tests\ml\test_observer.py:32: 
_ _ _ _ _ _ _ _ _ _ _ _ _ _ _ _ _ _ _ _ _ _ _ _ _ _ _ _ _ _ _ _ _ _ _ _ _ _ _ _

    """
    gridmind_server.app.ml.observer_trainer
    ========================================
    Offline training pipeline for the GridMind Observer AI.
    
    Algorithm
    ---------
    1. Load and validate `data/telemetry_dataset.csv`.
    2. Scale all 7 feature columns with StandardScaler.
    3. Run DBSCAN to identify and discard noise points.
    4. Fit K-Means (k=3) on the clean, scaled data.
    5. Auto-map cluster IDs \u2192 semantic labels by inspecting centroids:
           highest (kb + mouse)             \u2192 active_user  (1)
           highest (cpu + ram), low hid     \u2192 busy_hardware (2)
           remaining                        \u2192 idle          (0)
    6. Evaluate accuracy against ground-truth labels.
    7. Persist scaler, model, and a metadata JSON to models/observer/.
    
    Usage
    -----
        # From the project root (d:\\Mini_Project):
        python -m gridmind_server.app.ml.observer_trainer
    """
    
    from __future__ import annotations
    
    import json
    import logging
    import sys
    import time
    from dataclasses import dataclass, field
    from datetime import datetime, timezone
    from pathlib import Path
    from typing import Final
    
    import joblib
    import numpy as np
>   import pandas as pd
E   ModuleNotFoundError: No module named 'pandas'

gridmind_server\app\ml\observer_trainer.py:38: ModuleNotFoundError
___ ERROR at setup of TestMetadataSchema.test_accuracy_meets_project_target ___

tmp_path_factory = TempPathFactory(_given_basetemp=None, _trace=<pluggy._tracing.TagTracerSub object at 0x00000207979AE510>, _basetemp=None, _retention_count=3, _retention_policy='all')

    @pytest.fixture(scope="module")
    def trained_model_dir(tmp_path_factory: pytest.TempPathFactory) -> Path:
        """Run the training pipeline once into a temp directory and return its path.
    
        Using ``scope="module"`` ensures training runs only once for the whole
        test module, keeping the suite fast.
        """
>       from gridmind_server.app.ml.observer_trainer import TrainerConfig, run_training

tests\ml\test_observer.py:32: 
_ _ _ _ _ _ _ _ _ _ _ _ _ _ _ _ _ _ _ _ _ _ _ _ _ _ _ _ _ _ _ _ _ _ _ _ _ _ _ _

    """
    gridmind_server.app.ml.observer_trainer
    ========================================
    Offline training pipeline for the GridMind Observer AI.
    
    Algorithm
    ---------
    1. Load and validate `data/telemetry_dataset.csv`.
    2. Scale all 7 feature columns with StandardScaler.
    3. Run DBSCAN to identify and discard noise points.
    4. Fit K-Means (k=3) on the clean, scaled data.
    5. Auto-map cluster IDs \u2192 semantic labels by inspecting centroids:
           highest (kb + mouse)             \u2192 active_user  (1)
           highest (cpu + ram), low hid     \u2192 busy_hardware (2)
           remaining                        \u2192 idle          (0)
    6. Evaluate accuracy against ground-truth labels.
    7. Persist scaler, model, and a metadata JSON to models/observer/.
    
    Usage
    -----
        # From the project root (d:\\Mini_Project):
        python -m gridmind_server.app.ml.observer_trainer
    """
    
    from __future__ import annotations
    
    import json
    import logging
    import sys
    import time
    from dataclasses import dataclass, field
    from datetime import datetime, timezone
    from pathlib import Path
    from typing import Final
    
    import joblib
    import numpy as np
>   import pandas as pd
E   ModuleNotFoundError: No module named 'pandas'

gridmind_server\app\ml\observer_trainer.py:38: ModuleNotFoundError
____ ERROR at setup of TestMetadataSchema.test_label_map_has_three_entries ____

tmp_path_factory = TempPathFactory(_given_basetemp=None, _trace=<pluggy._tracing.TagTracerSub object at 0x00000207979AE510>, _basetemp=None, _retention_count=3, _retention_policy='all')

    @pytest.fixture(scope="module")
    def trained_model_dir(tmp_path_factory: pytest.TempPathFactory) -> Path:
        """Run the training pipeline once into a temp directory and return its path.
    
        Using ``scope="module"`` ensures training runs only once for the whole
        test module, keeping the suite fast.
        """
>       from gridmind_server.app.ml.observer_trainer import TrainerConfig, run_training

tests\ml\test_observer.py:32: 
_ _ _ _ _ _ _ _ _ _ _ _ _ _ _ _ _ _ _ _ _ _ _ _ _ _ _ _ _ _ _ _ _ _ _ _ _ _ _ _

    """
    gridmind_server.app.ml.observer_trainer
    ========================================
    Offline training pipeline for the GridMind Observer AI.
    
    Algorithm
    ---------
    1. Load and validate `data/telemetry_dataset.csv`.
    2. Scale all 7 feature columns with StandardScaler.
    3. Run DBSCAN to identify and discard noise points.
    4. Fit K-Means (k=3) on the clean, scaled data.
    5. Auto-map cluster IDs \u2192 semantic labels by inspecting centroids:
           highest (kb + mouse)             \u2192 active_user  (1)
           highest (cpu + ram), low hid     \u2192 busy_hardware (2)
           remaining                        \u2192 idle          (0)
    6. Evaluate accuracy against ground-truth labels.
    7. Persist scaler, model, and a metadata JSON to models/observer/.
    
    Usage
    -----
        # From the project root (d:\\Mini_Project):
        python -m gridmind_server.app.ml.observer_trainer
    """
    
    from __future__ import annotations
    
    import json
    import logging
    import sys
    import time
    from dataclasses import dataclass, field
    from datetime import datetime, timezone
    from pathlib import Path
    from typing import Final
    
    import joblib
    import numpy as np
>   import pandas as pd
E   ModuleNotFoundError: No module named 'pandas'

gridmind_server\app\ml\observer_trainer.py:38: ModuleNotFoundError
____ ERROR at setup of TestMetadataSchema.test_label_map_covers_all_states ____

tmp_path_factory = TempPathFactory(_given_basetemp=None, _trace=<pluggy._tracing.TagTracerSub object at 0x00000207979AE510>, _basetemp=None, _retention_count=3, _retention_policy='all')

    @pytest.fixture(scope="module")
    def trained_model_dir(tmp_path_factory: pytest.TempPathFactory) -> Path:
        """Run the training pipeline once into a temp directory and return its path.
    
        Using ``scope="module"`` ensures training runs only once for the whole
        test module, keeping the suite fast.
        """
>       from gridmind_server.app.ml.observer_trainer import TrainerConfig, run_training

tests\ml\test_observer.py:32: 
_ _ _ _ _ _ _ _ _ _ _ _ _ _ _ _ _ _ _ _ _ _ _ _ _ _ _ _ _ _ _ _ _ _ _ _ _ _ _ _

    """
    gridmind_server.app.ml.observer_trainer
    ========================================
    Offline training pipeline for the GridMind Observer AI.
    
    Algorithm
    ---------
    1. Load and validate `data/telemetry_dataset.csv`.
    2. Scale all 7 feature columns with StandardScaler.
    3. Run DBSCAN to identify and discard noise points.
    4. Fit K-Means (k=3) on the clean, scaled data.
    5. Auto-map cluster IDs \u2192 semantic labels by inspecting centroids:
           highest (kb + mouse)             \u2192 active_user  (1)
           highest (cpu + ram), low hid     \u2192 busy_hardware (2)
           remaining                        \u2192 idle          (0)
    6. Evaluate accuracy against ground-truth labels.
    7. Persist scaler, model, and a metadata JSON to models/observer/.
    
    Usage
    -----
        # From the project root (d:\\Mini_Project):
        python -m gridmind_server.app.ml.observer_trainer
    """
    
    from __future__ import annotations
    
    import json
    import logging
    import sys
    import time
    from dataclasses import dataclass, field
    from datetime import datetime, timezone
    from pathlib import Path
    from typing import Final
    
    import joblib
    import numpy as np
>   import pandas as pd
E   ModuleNotFoundError: No module named 'pandas'

gridmind_server\app\ml\observer_trainer.py:38: ModuleNotFoundError
_ ERROR at setup of TestObserverInference.test_predict_returns_required_keys __

tmp_path_factory = TempPathFactory(_given_basetemp=None, _trace=<pluggy._tracing.TagTracerSub object at 0x00000207979AE510>, _basetemp=None, _retention_count=3, _retention_policy='all')

    @pytest.fixture(scope="module")
    def trained_model_dir(tmp_path_factory: pytest.TempPathFactory) -> Path:
        """Run the training pipeline once into a temp directory and return its path.
    
        Using ``scope="module"`` ensures training runs only once for the whole
        test module, keeping the suite fast.
        """
>       from gridmind_server.app.ml.observer_trainer import TrainerConfig, run_training

tests\ml\test_observer.py:32: 
_ _ _ _ _ _ _ _ _ _ _ _ _ _ _ _ _ _ _ _ _ _ _ _ _ _ _ _ _ _ _ _ _ _ _ _ _ _ _ _

    """
    gridmind_server.app.ml.observer_trainer
    ========================================
    Offline training pipeline for the GridMind Observer AI.
    
    Algorithm
    ---------
    1. Load and validate `data/telemetry_dataset.csv`.
    2. Scale all 7 feature columns with StandardScaler.
    3. Run DBSCAN to identify and discard noise points.
    4. Fit K-Means (k=3) on the clean, scaled data.
    5. Auto-map cluster IDs \u2192 semantic labels by inspecting centroids:
           highest (kb + mouse)             \u2192 active_user  (1)
           highest (cpu + ram), low hid     \u2192 busy_hardware (2)
           remaining                        \u2192 idle          (0)
    6. Evaluate accuracy against ground-truth labels.
    7. Persist scaler, model, and a metadata JSON to models/observer/.
    
    Usage
    -----
        # From the project root (d:\\Mini_Project):
        python -m gridmind_server.app.ml.observer_trainer
    """
    
    from __future__ import annotations
    
    import json
    import logging
    import sys
    import time
    from dataclasses import dataclass, field
    from datetime import datetime, timezone
    from pathlib import Path
    from typing import Final
    
    import joblib
    import numpy as np
>   import pandas as pd
E   ModuleNotFoundError: No module named 'pandas'

gridmind_server\app\ml\observer_trainer.py:38: ModuleNotFoundError
___ ERROR at setup of TestObserverInference.test_confidence_in_valid_range ____

tmp_path_factory = TempPathFactory(_given_basetemp=None, _trace=<pluggy._tracing.TagTracerSub object at 0x00000207979AE510>, _basetemp=None, _retention_count=3, _retention_policy='all')

    @pytest.fixture(scope="module")
    def trained_model_dir(tmp_path_factory: pytest.TempPathFactory) -> Path:
        """Run the training pipeline once into a temp directory and return its path.
    
        Using ``scope="module"`` ensures training runs only once for the whole
        test module, keeping the suite fast.
        """
>       from gridmind_server.app.ml.observer_trainer import TrainerConfig, run_training

tests\ml\test_observer.py:32: 
_ _ _ _ _ _ _ _ _ _ _ _ _ _ _ _ _ _ _ _ _ _ _ _ _ _ _ _ _ _ _ _ _ _ _ _ _ _ _ _

    """
    gridmind_server.app.ml.observer_trainer
    ========================================
    Offline training pipeline for the GridMind Observer AI.
    
    Algorithm
    ---------
    1. Load and validate `data/telemetry_dataset.csv`.
    2. Scale all 7 feature columns with StandardScaler.
    3. Run DBSCAN to identify and discard noise points.
    4. Fit K-Means (k=3) on the clean, scaled data.
    5. Auto-map cluster IDs \u2192 semantic labels by inspecting centroids:
           highest (kb + mouse)             \u2192 active_user  (1)
           highest (cpu + ram), low hid     \u2192 busy_hardware (2)
           remaining                        \u2192 idle          (0)
    6. Evaluate accuracy against ground-truth labels.
    7. Persist scaler, model, and a metadata JSON to models/observer/.
    
    Usage
    -----
        # From the project root (d:\\Mini_Project):
        python -m gridmind_server.app.ml.observer_trainer
    """
    
    from __future__ import annotations
    
    import json
    import logging
    import sys
    import time
    from dataclasses import dataclass, field
    from datetime import datetime, timezone
    from pathlib import Path
    from typing import Final
    
    import joblib
    import numpy as np
>   import pandas as pd
E   ModuleNotFoundError: No module named 'pandas'

gridmind_server\app\ml\observer_trainer.py:38: ModuleNotFoundError
_______ ERROR at setup of TestObserverInference.test_label_is_valid_int _______

tmp_path_factory = TempPathFactory(_given_basetemp=None, _trace=<pluggy._tracing.TagTracerSub object at 0x00000207979AE510>, _basetemp=None, _retention_count=3, _retention_policy='all')

    @pytest.fixture(scope="module")
    def trained_model_dir(tmp_path_factory: pytest.TempPathFactory) -> Path:
        """Run the training pipeline once into a temp directory and return its path.
    
        Using ``scope="module"`` ensures training runs only once for the whole
        test module, keeping the suite fast.
        """
>       from gridmind_server.app.ml.observer_trainer import TrainerConfig, run_training

tests\ml\test_observer.py:32: 
_ _ _ _ _ _ _ _ _ _ _ _ _ _ _ _ _ _ _ _ _ _ _ _ _ _ _ _ _ _ _ _ _ _ _ _ _ _ _ _

    """
    gridmind_server.app.ml.observer_trainer
    ========================================
    Offline training pipeline for the GridMind Observer AI.
    
    Algorithm
    ---------
    1. Load and validate `data/telemetry_dataset.csv`.
    2. Scale all 7 feature columns with StandardScaler.
    3. Run DBSCAN to identify and discard noise points.
    4. Fit K-Means (k=3) on the clean, scaled data.
    5. Auto-map cluster IDs \u2192 semantic labels by inspecting centroids:
           highest (kb + mouse)             \u2192 active_user  (1)
           highest (cpu + ram), low hid     \u2192 busy_hardware (2)
           remaining                        \u2192 idle          (0)
    6. Evaluate accuracy against ground-truth labels.
    7. Persist scaler, model, and a metadata JSON to models/observer/.
    
    Usage
    -----
        # From the project root (d:\\Mini_Project):
        python -m gridmind_server.app.ml.observer_trainer
    """
    
    from __future__ import annotations
    
    import json
    import logging
    import sys
    import time
    from dataclasses import dataclass, field
    from datetime import datetime, timezone
    from pathlib import Path
    from typing import Final
    
    import joblib
    import numpy as np
>   import pandas as pd
E   ModuleNotFoundError: No module named 'pandas'

gridmind_server\app\ml\observer_trainer.py:38: ModuleNotFoundError
______ ERROR at setup of TestObserverInference.test_state_matches_label _______

tmp_path_factory = TempPathFactory(_given_basetemp=None, _trace=<pluggy._tracing.TagTracerSub object at 0x00000207979AE510>, _basetemp=None, _retention_count=3, _retention_policy='all')

    @pytest.fixture(scope="module")
    def trained_model_dir(tmp_path_factory: pytest.TempPathFactory) -> Path:
        """Run the training pipeline once into a temp directory and return its path.
    
        Using ``scope="module"`` ensures training runs only once for the whole
        test module, keeping the suite fast.
        """
>       from gridmind_server.app.ml.observer_trainer import TrainerConfig, run_training

tests\ml\test_observer.py:32: 
_ _ _ _ _ _ _ _ _ _ _ _ _ _ _ _ _ _ _ _ _ _ _ _ _ _ _ _ _ _ _ _ _ _ _ _ _ _ _ _

    """
    gridmind_server.app.ml.observer_trainer
    ========================================
    Offline training pipeline for the GridMind Observer AI.
    
    Algorithm
    ---------
    1. Load and validate `data/telemetry_dataset.csv`.
    2. Scale all 7 feature columns with StandardScaler.
    3. Run DBSCAN to identify and discard noise points.
    4. Fit K-Means (k=3) on the clean, scaled data.
    5. Auto-map cluster IDs \u2192 semantic labels by inspecting centroids:
           highest (kb + mouse)             \u2192 active_user  (1)
           highest (cpu + ram), low hid     \u2192 busy_hardware (2)
           remaining                        \u2192 idle          (0)
    6. Evaluate accuracy against ground-truth labels.
    7. Persist scaler, model, and a metadata JSON to models/observer/.
    
    Usage
    -----
        # From the project root (d:\\Mini_Project):
        python -m gridmind_server.app.ml.observer_trainer
    """
    
    from __future__ import annotations
    
    import json
    import logging
    import sys
    import time
    from dataclasses import dataclass, field
    from datetime import datetime, timezone
    from pathlib import Path
    from typing import Final
    
    import joblib
    import numpy as np
>   import pandas as pd
E   ModuleNotFoundError: No module named 'pandas'

gridmind_server\app\ml\observer_trainer.py:38: ModuleNotFoundError
_ ERROR at setup of TestObserverInference.test_idle_snapshot_classified_as_idle _

tmp_path_factory = TempPathFactory(_given_basetemp=None, _trace=<pluggy._tracing.TagTracerSub object at 0x00000207979AE510>, _basetemp=None, _retention_count=3, _retention_policy='all')

    @pytest.fixture(scope="module")
    def trained_model_dir(tmp_path_factory: pytest.TempPathFactory) -> Path:
        """Run the training pipeline once into a temp directory and return its path.
    
        Using ``scope="module"`` ensures training runs only once for the whole
        test module, keeping the suite fast.
        """
>       from gridmind_server.app.ml.observer_trainer import TrainerConfig, run_training

tests\ml\test_observer.py:32: 
_ _ _ _ _ _ _ _ _ _ _ _ _ _ _ _ _ _ _ _ _ _ _ _ _ _ _ _ _ _ _ _ _ _ _ _ _ _ _ _

    """
    gridmind_server.app.ml.observer_trainer
    ========================================
    Offline training pipeline for the GridMind Observer AI.
    
    Algorithm
    ---------
    1. Load and validate `data/telemetry_dataset.csv`.
    2. Scale all 7 feature columns with StandardScaler.
    3. Run DBSCAN to identify and discard noise points.
    4. Fit K-Means (k=3) on the clean, scaled data.
    5. Auto-map cluster IDs \u2192 semantic labels by inspecting centroids:
           highest (kb + mouse)             \u2192 active_user  (1)
           highest (cpu + ram), low hid     \u2192 busy_hardware (2)
           remaining                        \u2192 idle          (0)
    6. Evaluate accuracy against ground-truth labels.
    7. Persist scaler, model, and a metadata JSON to models/observer/.
    
    Usage
    -----
        # From the project root (d:\\Mini_Project):
        python -m gridmind_server.app.ml.observer_trainer
    """
    
    from __future__ import annotations
    
    import json
    import logging
    import sys
    import time
    from dataclasses import dataclass, field
    from datetime import datetime, timezone
    from pathlib import Path
    from typing import Final
    
    import joblib
    import numpy as np
>   import pandas as pd
E   ModuleNotFoundError: No module named 'pandas'

gridmind_server\app\ml\observer_trainer.py:38: ModuleNotFoundError
_ ERROR at setup of TestObserverInference.test_active_user_snapshot_classified_correctly _

tmp_path_factory = TempPathFactory(_given_basetemp=None, _trace=<pluggy._tracing.TagTracerSub object at 0x00000207979AE510>, _basetemp=None, _retention_count=3, _retention_policy='all')

    @pytest.fixture(scope="module")
    def trained_model_dir(tmp_path_factory: pytest.TempPathFactory) -> Path:
        """Run the training pipeline once into a temp directory and return its path.
    
        Using ``scope="module"`` ensures training runs only once for the whole
        test module, keeping the suite fast.
        """
>       from gridmind_server.app.ml.observer_trainer import TrainerConfig, run_training

tests\ml\test_observer.py:32: 
_ _ _ _ _ _ _ _ _ _ _ _ _ _ _ _ _ _ _ _ _ _ _ _ _ _ _ _ _ _ _ _ _ _ _ _ _ _ _ _

    """
    gridmind_server.app.ml.observer_trainer
    ========================================
    Offline training pipeline for the GridMind Observer AI.
    
    Algorithm
    ---------
    1. Load and validate `data/telemetry_dataset.csv`.
    2. Scale all 7 feature columns with StandardScaler.
    3. Run DBSCAN to identify and discard noise points.
    4. Fit K-Means (k=3) on the clean, scaled data.
    5. Auto-map cluster IDs \u2192 semantic labels by inspecting centroids:
           highest (kb + mouse)             \u2192 active_user  (1)
           highest (cpu + ram), low hid     \u2192 busy_hardware (2)
           remaining                        \u2192 idle          (0)
    6. Evaluate accuracy against ground-truth labels.
    7. Persist scaler, model, and a metadata JSON to models/observer/.
    
    Usage
    -----
        # From the project root (d:\\Mini_Project):
        python -m gridmind_server.app.ml.observer_trainer
    """
    
    from __future__ import annotations
    
    import json
    import logging
    import sys
    import time
    from dataclasses import dataclass, field
    from datetime import datetime, timezone
    from pathlib import Path
    from typing import Final
    
    import joblib
    import numpy as np
>   import pandas as pd
E   ModuleNotFoundError: No module named 'pandas'

gridmind_server\app\ml\observer_trainer.py:38: ModuleNotFoundError
_ ERROR at setup of TestObserverInference.test_busy_hw_snapshot_classified_correctly _

tmp_path_factory = TempPathFactory(_given_basetemp=None, _trace=<pluggy._tracing.TagTracerSub object at 0x00000207979AE510>, _basetemp=None, _retention_count=3, _retention_policy='all')

    @pytest.fixture(scope="module")
    def trained_model_dir(tmp_path_factory: pytest.TempPathFactory) -> Path:
        """Run the training pipeline once into a temp directory and return its path.
    
        Using ``scope="module"`` ensures training runs only once for the whole
        test module, keeping the suite fast.
        """
>       from gridmind_server.app.ml.observer_trainer import TrainerConfig, run_training

tests\ml\test_observer.py:32: 
_ _ _ _ _ _ _ _ _ _ _ _ _ _ _ _ _ _ _ _ _ _ _ _ _ _ _ _ _ _ _ _ _ _ _ _ _ _ _ _

    """
    gridmind_server.app.ml.observer_trainer
    ========================================
    Offline training pipeline for the GridMind Observer AI.
    
    Algorithm
    ---------
    1. Load and validate `data/telemetry_dataset.csv`.
    2. Scale all 7 feature columns with StandardScaler.
    3. Run DBSCAN to identify and discard noise points.
    4. Fit K-Means (k=3) on the clean, scaled data.
    5. Auto-map cluster IDs \u2192 semantic labels by inspecting centroids:
           highest (kb + mouse)             \u2192 active_user  (1)
           highest (cpu + ram), low hid     \u2192 busy_hardware (2)
           remaining                        \u2192 idle          (0)
    6. Evaluate accuracy against ground-truth labels.
    7. Persist scaler, model, and a metadata JSON to models/observer/.
    
    Usage
    -----
        # From the project root (d:\\Mini_Project):
        python -m gridmind_server.app.ml.observer_trainer
    """
    
    from __future__ import annotations
    
    import json
    import logging
    import sys
    import time
    from dataclasses import dataclass, field
    from datetime import datetime, timezone
    from pathlib import Path
    from typing import Final
    
    import joblib
    import numpy as np
>   import pandas as pd
E   ModuleNotFoundError: No module named 'pandas'

gridmind_server\app\ml\observer_trainer.py:38: ModuleNotFoundError
_ ERROR at setup of TestObserverInference.test_missing_feature_raises_value_error _

tmp_path_factory = TempPathFactory(_given_basetemp=None, _trace=<pluggy._tracing.TagTracerSub object at 0x00000207979AE510>, _basetemp=None, _retention_count=3, _retention_policy='all')

    @pytest.fixture(scope="module")
    def trained_model_dir(tmp_path_factory: pytest.TempPathFactory) -> Path:
        """Run the training pipeline once into a temp directory and return its path.
    
        Using ``scope="module"`` ensures training runs only once for the whole
        test module, keeping the suite fast.
        """
>       from gridmind_server.app.ml.observer_trainer import TrainerConfig, run_training

tests\ml\test_observer.py:32: 
_ _ _ _ _ _ _ _ _ _ _ _ _ _ _ _ _ _ _ _ _ _ _ _ _ _ _ _ _ _ _ _ _ _ _ _ _ _ _ _

    """
    gridmind_server.app.ml.observer_trainer
    ========================================
    Offline training pipeline for the GridMind Observer AI.
    
    Algorithm
    ---------
    1. Load and validate `data/telemetry_dataset.csv`.
    2. Scale all 7 feature columns with StandardScaler.
    3. Run DBSCAN to identify and discard noise points.
    4. Fit K-Means (k=3) on the clean, scaled data.
    5. Auto-map cluster IDs \u2192 semantic labels by inspecting centroids:
           highest (kb + mouse)             \u2192 active_user  (1)
           highest (cpu + ram), low hid     \u2192 busy_hardware (2)
           remaining                        \u2192 idle          (0)
    6. Evaluate accuracy against ground-truth labels.
    7. Persist scaler, model, and a metadata JSON to models/observer/.
    
    Usage
    -----
        # From the project root (d:\\Mini_Project):
        python -m gridmind_server.app.ml.observer_trainer
    """
    
    from __future__ import annotations
    
    import json
    import logging
    import sys
    import time
    from dataclasses import dataclass, field
    from datetime import datetime, timezone
    from pathlib import Path
    from typing import Final
    
    import joblib
    import numpy as np
>   import pandas as pd
E   ModuleNotFoundError: No module named 'pandas'

gridmind_server\app\ml\observer_trainer.py:38: ModuleNotFoundError
_ ERROR at setup of TestObserverInference.test_metadata_property_returns_dict _

tmp_path_factory = TempPathFactory(_given_basetemp=None, _trace=<pluggy._tracing.TagTracerSub object at 0x00000207979AE510>, _basetemp=None, _retention_count=3, _retention_policy='all')

    @pytest.fixture(scope="module")
    def trained_model_dir(tmp_path_factory: pytest.TempPathFactory) -> Path:
        """Run the training pipeline once into a temp directory and return its path.
    
        Using ``scope="module"`` ensures training runs only once for the whole
        test module, keeping the suite fast.
        """
>       from gridmind_server.app.ml.observer_trainer import TrainerConfig, run_training

tests\ml\test_observer.py:32: 
_ _ _ _ _ _ _ _ _ _ _ _ _ _ _ _ _ _ _ _ _ _ _ _ _ _ _ _ _ _ _ _ _ _ _ _ _ _ _ _

    """
    gridmind_server.app.ml.observer_trainer
    ========================================
    Offline training pipeline for the GridMind Observer AI.
    
    Algorithm
    ---------
    1. Load and validate `data/telemetry_dataset.csv`.
    2. Scale all 7 feature columns with StandardScaler.
    3. Run DBSCAN to identify and discard noise points.
    4. Fit K-Means (k=3) on the clean, scaled data.
    5. Auto-map cluster IDs \u2192 semantic labels by inspecting centroids:
           highest (kb + mouse)             \u2192 active_user  (1)
           highest (cpu + ram), low hid     \u2192 busy_hardware (2)
           remaining                        \u2192 idle          (0)
    6. Evaluate accuracy against ground-truth labels.
    7. Persist scaler, model, and a metadata JSON to models/observer/.
    
    Usage
    -----
        # From the project root (d:\\Mini_Project):
        python -m gridmind_server.app.ml.observer_trainer
    """
    
    from __future__ import annotations
    
    import json
    import logging
    import sys
    import time
    from dataclasses import dataclass, field
    from datetime import datetime, timezone
    from pathlib import Path
    from typing import Final
    
    import joblib
    import numpy as np
>   import pandas as pd
E   ModuleNotFoundError: No module named 'pandas'

gridmind_server\app\ml\observer_trainer.py:38: ModuleNotFoundError
=========================== short test summary info ===========================
ERROR tests/ml/test_observer.py::TestTrainingProducesArtifacts::test_scaler_file_exists
ERROR tests/ml/test_observer.py::TestTrainingProducesArtifacts::test_kmeans_file_exists
ERROR tests/ml/test_observer.py::TestTrainingProducesArtifacts::test_metadata_file_exists
ERROR tests/ml/test_observer.py::TestMetadataSchema::test_required_keys_present
ERROR tests/ml/test_observer.py::TestMetadataSchema::test_accuracy_meets_project_target
ERROR tests/ml/test_observer.py::TestMetadataSchema::test_label_map_has_three_entries
ERROR tests/ml/test_observer.py::TestMetadataSchema::test_label_map_covers_all_states
ERROR tests/ml/test_observer.py::TestObserverInference::test_predict_returns_required_keys
ERROR tests/ml/test_observer.py::TestObserverInference::test_confidence_in_valid_range
ERROR tests/ml/test_observer.py::TestObserverInference::test_label_is_valid_int
ERROR tests/ml/test_observer.py::TestObserverInference::test_state_matches_label
ERROR tests/ml/test_observer.py::TestObserverInference::test_idle_snapshot_classified_as_idle
ERROR tests/ml/test_observer.py::TestObserverInference::test_active_user_snapshot_classified_correctly
ERROR tests/ml/test_observer.py::TestObserverInference::test_busy_hw_snapshot_classified_correctly
ERROR tests/ml/test_observer.py::TestObserverInference::test_missing_feature_raises_value_error
ERROR tests/ml/test_observer.py::TestObserverInference::test_metadata_property_returns_dict
============================= 16 errors in 0.40s ==============================
